[mdbootstrap.com/previews/templates/admin-dashboard/html/dashboards/v-1.html]
[backblue.gif]
[fade.gif]
[index.html]
[use.fontawesome.com/releases/v5.7.0/css/all.css]
[mdbootstrap.com/previews/templates/admin-dashboard/css/bootstrap.min.css]
[mdbootstrap.com/img/logo/mdb-transaprent-noshadows.png]
[mdbootstrap.com/previews/templates/admin-dashboard/css/mdb.min.css]
[mdbootstrap.com/previews/templates/admin-dashboard/html/dashboards/v-2.html]
[mdbootstrap.com/previews/templates/admin-dashboard/html/dashboards/v-3.html]
[mdbootstrap.com/previews/templates/admin-dashboard/html/dashboards/v-4.html]
[mdbootstrap.com/previews/templates/admin-dashboard/html/dashboards/v-5.html]
[mdbootstrap.com/previews/templates/admin-dashboard/html/dashboards/v-6.html]
[mdbootstrap.com/previews/templates/admin-dashboard/js/jquery-3.3.1.min.js]
[mdbootstrap.com/previews/templates/admin-dashboard/js/popper.min.js]
[mdbootstrap.com/previews/templates/admin-dashboard/js/bootstrap.js]
[mdbootstrap.com/previews/templates/admin-dashboard/html/dashboards/v-1.html]
[use.fontawesome.com/releases/v5.7.0/css/all.css]
[mdbootstrap.com/previews/templates/admin-dashboard/css/bootstrap.min.css]
[mdbootstrap.com/previews/templates/admin-dashboard/img/overlays/01.png]
[mdbootstrap.com/previews/templates/admin-dashboard/img/overlays/02.png]
[mdbootstrap.com/previews/templates/admin-dashboard/js/mdb.min.js]
[mdbootstrap.com/previews/templates/admin-dashboard/img/overlays/03.png]
[mdbootstrap.com/previews/templates/admin-dashboard/img/overlays/04.png]
[mdbootstrap.com/previews/templates/admin-dashboard/img/overlays/05.png]
[mdbootstrap.com/previews/templates/admin-dashboard/img/overlays/06.png]
[mdbootstrap.com/previews/templates/admin-dashboard/img/overlays/07.png]
[mdbootstrap.com/previews/templates/admin-dashboard/img/overlays/08.png]
[mdbootstrap.com/previews/templates/admin-dashboard/img/overlays/09.png]
[mdbootstrap.com/previews/templates/admin-dashboard/img/lightbox/default-skin.png]
[mdbootstrap.com/previews/templates/admin-dashboard/img/lightbox/preloader.gif]
[mdbootstrap.com/img/Photos/Others/sidenav1.jpg]
[mdbootstrap.com/img/Photos/Others/forest1.jpg]
[mdbootstrap.com/previews/templates/admin-dashboard/css/mdb.min.css]
[mdbootstrap.com/previews/templates/admin-dashboard/img/flags/us.png]
[mdbootstrap.com/previews/templates/admin-dashboard/img/flags/in.png]
[mdbootstrap.com/previews/templates/admin-dashboard/img/flags/cn.png]
[mdbootstrap.com/previews/templates/admin-dashboard/img/flags/pl.png]
[mdbootstrap.com/previews/templates/admin-dashboard/img/flags/it.png]
[mdbootstrap.com/previews/templates/admin-dashboard/html/dashboards/v-2.html]
[mdbootstrap.com/previews/templates/admin-dashboard/html/dashboards/v-3.html]
[mdbootstrap.com/previews/templates/admin-dashboard/js/vendor/jvectormap/jquery-jvectormap-2.0.3.css]
[mdbootstrap.com/previews/templates/admin-dashboard/js/vendor/jvectormap/jquery-jvectormap-2.0.3.min.js]
[mdbootstrap.com/previews/templates/admin-dashboard/html/dashboards/v-4.html]
[mdbootstrap.com/previews/templates/admin-dashboard/html/dashboards/v-5.html]
[mdbootstrap.com/previews/templates/admin-dashboard/html/dashboards/v-6.html]
[mdbootstrap.com/previews/templates/admin-dashboard/js/vendor/jvectormap/jquery-jvectormap-world-mill.js]
[mdbootstrap.com/previews/templates/admin-dashboard/js/vendor/jvectormap/jquery-jvectormap-2.0.3.css]
